running 1 test from [WILDCARD]/test/dom.ts
test document.createElement ... ok ([WILDCARD])

test result: ok. 1 passed; 0 failed; 0 ignored; 0 measured; 0 filtered out ([WILDCARD])

